// Collision grid for map2_part2.png
// subdivisions: 1
#######################...........##########################
##############...######...........####....##################
#######.#####....######...........####.....#################
..........##......#####...........###......#################
.....####.............................######################
##..######......##...................#######################
#############...###..................#######################
####################.................#######################
#####################................#################...###
#####################................###############.....###
#####################................###############.....###
########################...........#################....####
########################..........##################...#####
########################..........##################...#####
########################...........#############...#...#####
##################.....................................#####
###################............................#############
..##################...........................#############
#..###################.............#########################
##...###################..........##########################
###..###################..........##########################
###...##################..........##########################
####...#################..........#####....#################
#####......#############..........####.....#################
########.....###########..........####.....#################
#########....###########..........####.....######....#######
###########...##########..........######...............#####
###########..############.........######...............#####
###########..############.......#########..............#####
###########..############......#############........########
###########...###########......################.....###...##
###########.....#########......###########.####..........###
#############......#.............#######...###.......#######
#################.................####..........############
####################..............###........###############
########################....................################
########################..............##...#################
########################.............#######################
#########################............#######################
##########################..........########################
